Archive member included to satisfy reference by file (symbol)

C:/ST/STM32CubeCLT_1.15.1/GNU-tools-for-STM32/bin/../lib/gcc/arm-none-eabi/12.3.1/../../../../arm-none-eabi/lib/thumb/v7e-m+fp/hard\libc_nano.a(libc_a-exit.o)
                              C:/ST/STM32CubeCLT_1.15.1/GNU-tools-for-STM32/bin/../lib/gcc/arm-none-eabi/12.3.1/../../../../arm-none-eabi/lib/thumb/v7e-m+fp/hard/crt0.o (exit)
C:/ST/STM32CubeCLT_1.15.1/GNU-tools-for-STM32/bin/../lib/gcc/arm-none-eabi/12.3.1/../../../../arm-none-eabi/lib/thumb/v7e-m+fp/hard\libc_nano.a(libc_a-findfp.o)
                              C:/ST/STM32CubeCLT_1.15.1/GNU-tools-for-STM32/bin/../lib/gcc/arm-none-eabi/12.3.1/../../../../arm-none-eabi/lib/thumb/v7e-m+fp/hard\libc_nano.a(libc_a-exit.o) (__stdio_exit_handler)
C:/ST/STM32CubeCLT_1.15.1/GNU-tools-for-STM32/bin/../lib/gcc/arm-none-eabi/12.3.1/../../../../arm-none-eabi/lib/thumb/v7e-m+fp/hard\libc_nano.a(libc_a-fwalk.o)
                              C:/ST/STM32CubeCLT_1.15.1/GNU-tools-for-STM32/bin/../lib/gcc/arm-none-eabi/12.3.1/../../../../arm-none-eabi/lib/thumb/v7e-m+fp/hard\libc_nano.a(libc_a-findfp.o) (_fwalk_sglue)
C:/ST/STM32CubeCLT_1.15.1/GNU-tools-for-STM32/bin/../lib/gcc/arm-none-eabi/12.3.1/../../../../arm-none-eabi/lib/thumb/v7e-m+fp/hard\libc_nano.a(libc_a-stdio.o)
                              C:/ST/STM32CubeCLT_1.15.1/GNU-tools-for-STM32/bin/../lib/gcc/arm-none-eabi/12.3.1/../../../../arm-none-eabi/lib/thumb/v7e-m+fp/hard\libc_nano.a(libc_a-findfp.o) (__sread)
C:/ST/STM32CubeCLT_1.15.1/GNU-tools-for-STM32/bin/../lib/gcc/arm-none-eabi/12.3.1/../../../../arm-none-eabi/lib/thumb/v7e-m+fp/hard\libc_nano.a(libc_a-memset.o)
                              C:/ST/STM32CubeCLT_1.15.1/GNU-tools-for-STM32/bin/../lib/gcc/arm-none-eabi/12.3.1/../../../../arm-none-eabi/lib/thumb/v7e-m+fp/hard/crt0.o (memset)
C:/ST/STM32CubeCLT_1.15.1/GNU-tools-for-STM32/bin/../lib/gcc/arm-none-eabi/12.3.1/../../../../arm-none-eabi/lib/thumb/v7e-m+fp/hard\libc_nano.a(libc_a-closer.o)
                              C:/ST/STM32CubeCLT_1.15.1/GNU-tools-for-STM32/bin/../lib/gcc/arm-none-eabi/12.3.1/../../../../arm-none-eabi/lib/thumb/v7e-m+fp/hard\libc_nano.a(libc_a-stdio.o) (_close_r)
C:/ST/STM32CubeCLT_1.15.1/GNU-tools-for-STM32/bin/../lib/gcc/arm-none-eabi/12.3.1/../../../../arm-none-eabi/lib/thumb/v7e-m+fp/hard\libc_nano.a(libc_a-reent.o)
                              C:/ST/STM32CubeCLT_1.15.1/GNU-tools-for-STM32/bin/../lib/gcc/arm-none-eabi/12.3.1/../../../../arm-none-eabi/lib/thumb/v7e-m+fp/hard\libc_nano.a(libc_a-closer.o) (errno)
C:/ST/STM32CubeCLT_1.15.1/GNU-tools-for-STM32/bin/../lib/gcc/arm-none-eabi/12.3.1/../../../../arm-none-eabi/lib/thumb/v7e-m+fp/hard\libc_nano.a(libc_a-impure.o)
                              C:/ST/STM32CubeCLT_1.15.1/GNU-tools-for-STM32/bin/../lib/gcc/arm-none-eabi/12.3.1/../../../../arm-none-eabi/lib/thumb/v7e-m+fp/hard\libc_nano.a(libc_a-reent.o) (_impure_ptr)
C:/ST/STM32CubeCLT_1.15.1/GNU-tools-for-STM32/bin/../lib/gcc/arm-none-eabi/12.3.1/../../../../arm-none-eabi/lib/thumb/v7e-m+fp/hard\libc_nano.a(libc_a-lseekr.o)
                              C:/ST/STM32CubeCLT_1.15.1/GNU-tools-for-STM32/bin/../lib/gcc/arm-none-eabi/12.3.1/../../../../arm-none-eabi/lib/thumb/v7e-m+fp/hard\libc_nano.a(libc_a-stdio.o) (_lseek_r)
C:/ST/STM32CubeCLT_1.15.1/GNU-tools-for-STM32/bin/../lib/gcc/arm-none-eabi/12.3.1/../../../../arm-none-eabi/lib/thumb/v7e-m+fp/hard\libc_nano.a(libc_a-readr.o)
                              C:/ST/STM32CubeCLT_1.15.1/GNU-tools-for-STM32/bin/../lib/gcc/arm-none-eabi/12.3.1/../../../../arm-none-eabi/lib/thumb/v7e-m+fp/hard\libc_nano.a(libc_a-stdio.o) (_read_r)
C:/ST/STM32CubeCLT_1.15.1/GNU-tools-for-STM32/bin/../lib/gcc/arm-none-eabi/12.3.1/../../../../arm-none-eabi/lib/thumb/v7e-m+fp/hard\libc_nano.a(libc_a-writer.o)
                              C:/ST/STM32CubeCLT_1.15.1/GNU-tools-for-STM32/bin/../lib/gcc/arm-none-eabi/12.3.1/../../../../arm-none-eabi/lib/thumb/v7e-m+fp/hard\libc_nano.a(libc_a-stdio.o) (_write_r)
C:/ST/STM32CubeCLT_1.15.1/GNU-tools-for-STM32/bin/../lib/gcc/arm-none-eabi/12.3.1/../../../../arm-none-eabi/lib/thumb/v7e-m+fp/hard\libc_nano.a(libc_a-init.o)
                              C:/ST/STM32CubeCLT_1.15.1/GNU-tools-for-STM32/bin/../lib/gcc/arm-none-eabi/12.3.1/../../../../arm-none-eabi/lib/thumb/v7e-m+fp/hard/crt0.o (__libc_init_array)
C:/ST/STM32CubeCLT_1.15.1/GNU-tools-for-STM32/bin/../lib/gcc/arm-none-eabi/12.3.1/../../../../arm-none-eabi/lib/thumb/v7e-m+fp/hard\libc_nano.a(libc_a-lock.o)
                              C:/ST/STM32CubeCLT_1.15.1/GNU-tools-for-STM32/bin/../lib/gcc/arm-none-eabi/12.3.1/../../../../arm-none-eabi/lib/thumb/v7e-m+fp/hard\libc_nano.a(libc_a-findfp.o) (__retarget_lock_init_recursive)
C:/ST/STM32CubeCLT_1.15.1/GNU-tools-for-STM32/bin/../lib/gcc/arm-none-eabi/12.3.1/../../../../arm-none-eabi/lib/thumb/v7e-m+fp/hard\libc_nano.a(libc_a-freer.o)
[...]
Memory Configuration

Name             Origin             Length             Attributes
RAM              0x20000000         0x00020000         xrw
FLASH            0x08000000         0x00080000         xr
*default*        0x00000000         0xffffffff

Linker script and memory map

LOAD C:/ST/STM32CubeCLT_1.15.1/GNU-tools-for-STM32/bin/../lib/gcc/arm-none-eabi/12.3.1/thumb/v7e-m+fp/hard/crti.o
LOAD C:/ST/STM32CubeCLT_1.15.1/GNU-tools-for-STM32/bin/../lib/gcc/arm-none-eabi/12.3.1/thumb/v7e-m+fp/hard/crtbegin.o
LOAD C:/ST/STM32CubeCLT_1.15.1/GNU-tools-for-STM32/bin/../lib/gcc/arm-none-eabi/12.3.1/../../../../arm-none-eabi/lib/thumb/v7e-m+fp/hard/crt0.o
START GROUP
LOAD C:/ST/STM32CubeCLT_1.15.1/GNU-tools-for-STM32/bin/../lib/gcc/arm-none-eabi/12.3.1/../../../../arm-none-eabi/lib/thumb/v7e-m+fp/hard\libc_nano.a
LOAD C:/ST/STM32CubeCLT_1.15.1/GNU-tools-for-STM32/bin/../lib/gcc/arm-none-eabi/12.3.1/../../../../arm-none-eabi/lib/thumb/v7e-m+fp/hard\libm.a
END GROUP
LOAD CMakeFiles/EnergyMonitor-NucleoF446re.dir/Core/Src/main.c.obj
LOAD CMakeFiles/EnergyMonitor-NucleoF446re.dir/Core/Src/freertos.c.obj
LOAD CMakeFiles/EnergyMonitor-NucleoF446re.dir/Core/Src/stm32f4xx_it.c.obj
LOAD CMakeFiles/EnergyMonitor-NucleoF446re.dir/Core/Src/stm32f4xx_hal_msp.c.obj
LOAD CMakeFiles/EnergyMonitor-NucleoF446re.dir/Core/Src/stm32f4xx_hal_timebase_tim.c.obj
LOAD CMakeFiles/EnergyMonitor-NucleoF446re.dir/Drivers/STM32F4xx_HAL_Driver/Src/stm32f4xx_hal_rcc.c.obj
LOAD CMakeFiles/EnergyMonitor-NucleoF446re.dir/Drivers/STM32F4xx_HAL_Driver/Src/stm32f4xx_hal_rcc_ex.c.obj
LOAD CMakeFiles/EnergyMonitor-NucleoF446re.dir/Drivers/STM32F4xx_HAL_Driver/Src/stm32f4xx_hal_flash.c.obj
LOAD CMakeFiles/EnergyMonitor-NucleoF446re.dir/Drivers/STM32F4xx_HAL_Driver/Src/stm32f4xx_hal_flash_ex.c.obj
LOAD CMakeFiles/EnergyMonitor-NucleoF446re.dir/Drivers/STM32F4xx_HAL_Driver/Src/stm32f4xx_hal_flash_ramfunc.c.obj
LOAD CMakeFiles/EnergyMonitor-NucleoF446re.dir/Drivers/STM32F4xx_HAL_Driver/Src/stm32f4xx_hal_gpio.c.obj
LOAD CMakeFiles/EnergyMonitor-NucleoF446re.dir/Drivers/STM32F4xx_HAL_Driver/Src/stm32f4xx_hal_dma_ex.c.obj
LOAD CMakeFiles/EnergyMonitor-NucleoF446re.dir/Drivers/STM32F4xx_HAL_Driver/Src/stm32f4xx_hal_dma.c.obj
LOAD CMakeFiles/EnergyMonitor-NucleoF446re.dir/Drivers/STM32F4xx_HAL_Driver/Src/stm32f4xx_hal_pwr.c.obj
LOAD CMakeFiles/EnergyMonitor-NucleoF446re.dir/Drivers/STM32F4xx_HAL_Driver/Src/stm32f4xx_hal_pwr_ex.c.obj
LOAD CMakeFiles/EnergyMonitor-NucleoF446re.dir/Drivers/STM32F4xx_HAL_Driver/Src/stm32f4xx_hal_cortex.c.obj
LOAD CMakeFiles/EnergyMonitor-NucleoF446re.dir/Drivers/STM32F4xx_HAL_Driver/Src/stm32f4xx_hal.c.obj
LOAD CMakeFiles/EnergyMonitor-NucleoF446re.dir/Drivers/STM32F4xx_HAL_Driver/Src/stm32f4xx_hal_exti.c.obj
LOAD CMakeFiles/EnergyMonitor-NucleoF446re.dir/Drivers/STM32F4xx_HAL_Driver/Src/stm32f4xx_hal_tim.c.obj
LOAD CMakeFiles/EnergyMonitor-NucleoF446re.dir/Drivers/STM32F4xx_HAL_Driver/Src/stm32f4xx_hal_tim_ex.c.obj
LOAD CMakeFiles/EnergyMonitor-NucleoF446re.dir/Drivers/STM32F4xx_HAL_Driver/Src/stm32f4xx_hal_uart.c.obj
LOAD CMakeFiles/EnergyMonitor-NucleoF446re.dir/Core/Src/system_stm32f4xx.c.obj
LOAD CMakeFiles/EnergyMonitor-NucleoF446re.dir/Middlewares/Third_Party/FreeRTOS/Source/croutine.c.obj
LOAD CMakeFiles/EnergyMonitor-NucleoF446re.dir/Middlewares/Third_Party/FreeRTOS/Source/event_groups.c.obj
LOAD CMakeFiles/EnergyMonitor-NucleoF446re.dir/Middlewares/Third_Party/FreeRTOS/Source/list.c.obj
LOAD CMakeFiles/EnergyMonitor-NucleoF446re.dir/Middlewares/Third_Party/FreeRTOS/Source/queue.c.obj
LOAD CMakeFiles/EnergyMonitor-NucleoF446re.dir/Middlewares/Third_Party/FreeRTOS/Source/stream_buffer.c.obj
LOAD CMakeFiles/EnergyMonitor-NucleoF446re.dir/Middlewares/Third_Party/FreeRTOS/Source/tasks.c.obj
LOAD CMakeFiles/EnergyMonitor-NucleoF446re.dir/Middlewares/Third_Party/FreeRTOS/Source/timers.c.obj
LOAD CMakeFiles/EnergyMonitor-NucleoF446re.dir/Middlewares/Third_Party/FreeRTOS/Source/CMSIS_RTOS_V2/cmsis_os2.c.obj
LOAD CMakeFiles/EnergyMonitor-NucleoF446re.dir/Middlewares/Third_Party/FreeRTOS/Source/portable/MemMang/heap_4.c.obj
LOAD CMakeFiles/EnergyMonitor-NucleoF446re.dir/Middlewares/Third_Party/FreeRTOS/Source/portable/GCC/ARM_CM4F/port.c.obj
LOAD CMakeFiles/EnergyMonitor-NucleoF446re.dir/Core/Src/sysmem.c.obj
LOAD CMakeFiles/EnergyMonitor-NucleoF446re.dir/Core/Src/syscalls.c.obj
LOAD CMakeFiles/EnergyMonitor-NucleoF446re.dir/startup_stm32f446xx.s.obj
START GROUP
LOAD C:/ST/STM32CubeCLT_1.15.1/GNU-tools-for-STM32/bin/../lib/gcc/arm-none-eabi/12.3.1/thumb/v7e-m+fp/hard\libgcc.a
LOAD C:/ST/STM32CubeCLT_1.15.1/GNU-tools-for-STM32/bin/../lib/gcc/arm-none-eabi/12.3.1/../../../../arm-none-eabi/lib/thumb/v7e-m+fp/hard\libg_nano.a
LOAD C:/ST/STM32CubeCLT_1.15.1/GNU-tools-for-STM32/bin/../lib/gcc/arm-none-eabi/12.3.1/../../../../arm-none-eabi/lib/thumb/v7e-m+fp/hard\libc_nano.a
END GROUP
START GROUP
LOAD C:/ST/STM32CubeCLT_1.15.1/GNU-tools-for-STM32/bin/../lib/gcc/arm-none-eabi/12.3.1/thumb/v7e-m+fp/hard\libgcc.a
LOAD C:/ST/STM32CubeCLT_1.15.1/GNU-tools-for-STM32/bin/../lib/gcc/arm-none-eabi/12.3.1/../../../../arm-none-eabi/lib/thumb/v7e-m+fp/hard\libc_nano.a
END GROUP
LOAD C:/ST/STM32CubeCLT_1.15.1/GNU-tools-for-STM32/bin/../lib/gcc/arm-none-eabi/12.3.1/thumb/v7e-m+fp/hard/crtend.o
LOAD C:/ST/STM32CubeCLT_1.15.1/GNU-tools-for-STM32/bin/../lib/gcc/arm-none-eabi/12.3.1/thumb/v7e-m+fp/hard/crtn.o
                0x20020000                        _estack = (ORIGIN (RAM) + LENGTH (RAM))
                0x00000200                        _Min_Heap_Size = 0x200
                0x00000400                        _Min_Stack_Size = 0x400

.isr_vector     0x08000000      0x1c4
                0x08000000                        . = ALIGN (0x4)
 *(.isr_vector)
 .isr_vector    0x08000000      0x1c4 CMakeFiles/EnergyMonitor-NucleoF446re.dir/startup_stm32f446xx.s.obj
                0x08000000                g_pfnVectors
                0x080001c4                        . = ALIGN (0x4)

.text           0x080001d0     0x3830
                0x080001d0                        . = ALIGN (0x4)
 *(.text)
 .text          0x080001d0       0x40 C:/ST/STM32CubeCLT_1.15.1/GNU-tools-for-STM32/bin/../lib/gcc/arm-none-eabi/12.3.1/thumb/v7e-m+fp/hard/crtbegin.o
 .text          0x08000210       0x30 C:/ST/STM32CubeCLT_1.15.1/GNU-tools-for-STM32/bin/../lib/gcc/arm-none-eabi/12.3.1/thumb/v7e-m+fp/hard\libgcc.a(_aeabi_uldivmod.o)
                0x08000210                __aeabi_uldivmod
 .text          0x08000240      0x2bc C:/ST/STM32CubeCLT_1.15.1/GNU-tools-for-STM32/bin/../lib/gcc/arm-none-eabi/12.3.1/thumb/v7e-m+fp/hard\libgcc.a(_udivmoddi4.o)
                0x08000240                __udivmoddi4
 .text          0x080004fc        0x4 C:/ST/STM32CubeCLT_1.15.1/GNU-tools-for-STM32/bin/../lib/gcc/arm-none-eabi/12.3.1/thumb/v7e-m+fp/hard\libgcc.a(_dvmd_tls.o)
                0x080004fc                __aeabi_idiv0
                0x080004fc                __aeabi_ldiv0
 *(.text*)
 .text.memset   0x08000500       0x10 C:/ST/STM32CubeCLT_1.15.1/GNU-tools-for-STM32/bin/../lib/gcc/arm-none-eabi/12.3.1/../../../../arm-none-eabi/lib/thumb/v7e-m+fp/hard\libc_nano.a(libc_a-memset.o)
                0x08000500                memset
 .text._reclaim_reent
                0x08000510       0xac C:/ST/STM32CubeCLT_1.15.1/GNU-tools-for-STM32/bin/../lib/gcc/arm-none-eabi/12.3.1/../../../../arm-none-eabi/lib/thumb/v7e-m+fp/hard\libc_nano.a(libc_a-reent.o)
                0x08000510                _reclaim_reent
 .text.__libc_init_array
                0x080005bc       0x48 C:/ST/STM32CubeCLT_1.15.1/GNU-tools-for-STM32/bin/../lib/gcc/arm-none-eabi/12.3.1/../../../../arm-none-eabi/lib/thumb/v7e-m+fp/hard\libc_nano.a(libc_a-init.o)
                0x080005bc                __libc_init_array
 .text.__retarget_lock_acquire_recursive
                0x08000604        0x2 C:/ST/STM32CubeCLT_1.15.1/GNU-tools-for-STM32/bin/../lib/gcc/arm-none-eabi/12.3.1/../../../../arm-none-eabi/lib/thumb/v7e-m+fp/hard\libc_nano.a(libc_a-lock.o)
                0x08000604                __retarget_lock_acquire_recursive
 .text.__retarget_lock_release_recursive
                0x08000606        0x2 C:/ST/STM32CubeCLT_1.15.1/GNU-tools-for-STM32/bin/../lib/gcc/arm-none-eabi/12.3.1/../../../../arm-none-eabi/lib/thumb/v7e-m+fp/hard\libc_nano.a(libc_a-lock.o)
                0x08000606                __retarget_lock_release_recursive
 .text._free_r  0x08000608       0x94 C:/ST/STM32CubeCLT_1.15.1/GNU-tools-for-STM32/bin/../lib/gcc/arm-none-eabi/12.3.1/../../../../arm-none-eabi/lib/thumb/v7e-m+fp/hard\libc_nano.a(libc_a-freer.o)
                0x08000608                _free_r
 .text.__malloc_lock
                0x0800069c        0xc C:/ST/STM32CubeCLT_1.15.1/GNU-tools-for-STM32/bin/../lib/gcc/arm-none-eabi/12.3.1/../../../../arm-none-eabi/lib/thumb/v7e-m+fp/hard\libc_nano.a(libc_a-mlock.o)
                0x0800069c                __malloc_lock
 .text.__malloc_unlock
                0x080006a8        0xc C:/ST/STM32CubeCLT_1.15.1/GNU-tools-for-STM32/bin/../lib/gcc/arm-none-eabi/12.3.1/../../../../arm-none-eabi/lib/thumb/v7e-m+fp/hard\libc_nano.a(libc_a-mlock.o)
                0x080006a8                __malloc_unlock
 .text.StartDefaultTask
                0x080006b4       0x38 CMakeFiles/EnergyMonitor-NucleoF446re.dir/Core/Src/main.c.obj
                0x080006b4                StartDefaultTask
 .text.SystemClock_Config
                0x080006ec       0xa4 CMakeFiles/EnergyMonitor-NucleoF446re.dir/Core/Src/main.c.obj
                0x080006ec                SystemClock_Config
 .text.startup.main
                0x08000790      0x150 CMakeFiles/EnergyMonitor-NucleoF446re.dir/Core/Src/main.c.obj
                0x08000790                main
 .text.HAL_TIM_PeriodElapsedCallback
                0x080008e0       0x14 CMakeFiles/EnergyMonitor-NucleoF446re.dir/Core/Src/main.c.obj
                0x080008e0                HAL_TIM_PeriodElapsedCallback
 .text.NMI_Handler
                0x080008f4        0x4 CMakeFiles/EnergyMonitor-NucleoF446re.dir/Core/Src/stm32f4xx_it.c.obj
                0x080008f4                NMI_Handler
 .text.HardFault_Handler
                0x080008f8        0x4 CMakeFiles/EnergyMonitor-NucleoF446re.dir/Core/Src/stm32f4xx_it.c.obj
                0x080008f8                HardFault_Handler
 .text.MemManage_Handler
                0x080008fc        0x4 CMakeFiles/EnergyMonitor-NucleoF446re.dir/Core/Src/stm32f4xx_it.c.obj
                0x080008fc                MemManage_Handler
 .text.BusFault_Handler
                0x08000900        0x4 CMakeFiles/EnergyMonitor-NucleoF446re.dir/Core/Src/stm32f4xx_it.c.obj
                0x08000900                BusFault_Handler
 .text.UsageFault_Handler
                0x08000904        0x4 CMakeFiles/EnergyMonitor-NucleoF446re.dir/Core/Src/stm32f4xx_it.c.obj
                0x08000904                UsageFault_Handler
 .text.DebugMon_Handler
                0x08000908        0x4 CMakeFiles/EnergyMonitor-NucleoF446re.dir/Core/Src/stm32f4xx_it.c.obj
                0x08000908                DebugMon_Handler
 .text.TIM1_UP_TIM10_IRQHandler
                0x0800090c        0xc CMakeFiles/EnergyMonitor-NucleoF446re.dir/Core/Src/stm32f4xx_it.c.obj
                0x0800090c                TIM1_UP_TIM10_IRQHandler
 .text.HAL_MspInit
                0x08000918       0x40 CMakeFiles/EnergyMonitor-NucleoF446re.dir/Core/Src/stm32f4xx_hal_msp.c.obj
                0x08000918                HAL_MspInit
 .text.HAL_UART_MspInit
                0x08000958      0x144 CMakeFiles/EnergyMonitor-NucleoF446re.dir/Core/Src/stm32f4xx_hal_msp.c.obj
                0x08000958                HAL_UART_MspInit
 .text.HAL_InitTick
                0x08000a9c       0x98 CMakeFiles/EnergyMonitor-NucleoF446re.dir/Core/Src/stm32f4xx_hal_timebase_tim.c.obj
                0x08000a9c                HAL_InitTick
 .text.HAL_RCC_ClockConfig
                0x08000b34      0x13c CMakeFiles/EnergyMonitor-NucleoF446re.dir/Drivers/STM32F4xx_HAL_Driver/Src/stm32f4xx_hal_rcc.c.obj
                0x08000b34                HAL_RCC_ClockConfig
 .text.HAL_RCC_GetPCLK1Freq
                0x08000c70       0x20 CMakeFiles/EnergyMonitor-NucleoF446re.dir/Drivers/STM32F4xx_HAL_Driver/Src/stm32f4xx_hal_rcc.c.obj
                0x08000c70                HAL_RCC_GetPCLK1Freq
 .text.HAL_RCC_GetPCLK2Freq
                0x08000c90       0x20 CMakeFiles/EnergyMonitor-NucleoF446re.dir/Drivers/STM32F4xx_HAL_Driver/Src/stm32f4xx_hal_rcc.c.obj
                0x08000c90                HAL_RCC_GetPCLK2Freq
 .text.HAL_RCC_GetClockConfig
                0x08000cb0       0x44 CMakeFiles/EnergyMonitor-NucleoF446re.dir/Drivers/STM32F4xx_HAL_Driver/Src/stm32f4xx_hal_rcc.c.obj
                0x08000cb0                HAL_RCC_GetClockConfig
 .text.HAL_RCC_GetSysClockFreq
                0x08000cf4       0xac CMakeFiles/EnergyMonitor-NucleoF446re.dir/Drivers/STM32F4xx_HAL_Driver/Src/stm32f4xx_hal_rcc_ex.c.obj
                0x08000cf4                HAL_RCC_GetSysClockFreq
 .text.HAL_RCC_OscConfig
                0x08000da0      0x408 CMakeFiles/EnergyMonitor-NucleoF446re.dir/Drivers/STM32F4xx_HAL_Driver/Src/stm32f4xx_hal_rcc_ex.c.obj
                0x08000da0                HAL_RCC_OscConfig
 .text.HAL_GPIO_Init
                0x080011a8      0x220 CMakeFiles/EnergyMonitor-NucleoF446re.dir/Drivers/STM32F4xx_HAL_Driver/Src/stm32f4xx_hal_gpio.c.obj
                0x080011a8                HAL_GPIO_Init
 .text.HAL_GPIO_WritePin
                0x080013c8        0x8 CMakeFiles/EnergyMonitor-NucleoF446re.dir/Drivers/STM32F4xx_HAL_Driver/Src/stm32f4xx_hal_gpio.c.obj
                0x080013c8                HAL_GPIO_WritePin
 .text.HAL_GPIO_TogglePin
                0x080013d0       0x14 CMakeFiles/EnergyMonitor-NucleoF446re.dir/Drivers/STM32F4xx_HAL_Driver/Src/stm32f4xx_hal_gpio.c.obj
                0x080013d0                HAL_GPIO_TogglePin
 .text.HAL_NVIC_SetPriorityGrouping
                0x080013e4       0x24 CMakeFiles/EnergyMonitor-NucleoF446re.dir/Drivers/STM32F4xx_HAL_Driver/Src/stm32f4xx_hal_cortex.c.obj
                0x080013e4                HAL_NVIC_SetPriorityGrouping
 .text.HAL_NVIC_SetPriority
                0x08001408       0x78 CMakeFiles/EnergyMonitor-NucleoF446re.dir/Drivers/STM32F4xx_HAL_Driver/Src/stm32f4xx_hal_cortex.c.obj
                0x08001408                HAL_NVIC_SetPriority
 .text.HAL_NVIC_EnableIRQ
                0x08001480       0x1c CMakeFiles/EnergyMonitor-NucleoF446re.dir/Drivers/STM32F4xx_HAL_Driver/Src/stm32f4xx_hal_cortex.c.obj
                0x08001480                HAL_NVIC_EnableIRQ
 .text.HAL_Init
                0x0800149c       0x34 CMakeFiles/EnergyMonitor-NucleoF446re.dir/Drivers/STM32F4xx_HAL_Driver/Src/stm32f4xx_hal.c.obj
                0x0800149c                HAL_Init
 .text.HAL_IncTick
                0x080014d0       0x18 CMakeFiles/EnergyMonitor-NucleoF446re.dir/Drivers/STM32F4xx_HAL_Driver/Src/stm32f4xx_hal.c.obj
                0x080014d0                HAL_IncTick
 .text.HAL_GetTick
                0x080014e8        0xc CMakeFiles/EnergyMonitor-NucleoF446re.dir/Drivers/STM32F4xx_HAL_Driver/Src/stm32f4xx_hal.c.obj
                0x080014e8                HAL_GetTick
 .text.HAL_TIM_Base_MspInit
                0x080014f4        0x4 CMakeFiles/EnergyMonitor-NucleoF446re.dir/Drivers/STM32F4xx_HAL_Driver/Src/stm32f4xx_hal_tim.c.obj
                0x080014f4                HAL_TIM_Base_MspInit
 .text.HAL_TIM_Base_Init
                0x080014f8      0x130 CMakeFiles/EnergyMonitor-NucleoF446re.dir/Drivers/STM32F4xx_HAL_Driver/Src/stm32f4xx_hal_tim.c.obj
                0x080014f8                HAL_TIM_Base_Init
 .text.HAL_TIM_Base_Start_IT
                0x08001628       0x74 CMakeFiles/EnergyMonitor-NucleoF446re.dir/Drivers/STM32F4xx_HAL_Driver/Src/stm32f4xx_hal_tim.c.obj
                0x08001628                HAL_TIM_Base_Start_IT
 .text.HAL_TIM_OC_DelayElapsedCallback
                0x0800169c        0x4 CMakeFiles/EnergyMonitor-NucleoF446re.dir/Drivers/STM32F4xx_HAL_Driver/Src/stm32f4xx_hal_tim.c.obj
                0x0800169c                HAL_TIM_OC_DelayElapsedCallback
 .text.HAL_TIM_IC_CaptureCallback
                0x080016a0        0x4 CMakeFiles/EnergyMonitor-NucleoF446re.dir/Drivers/STM32F4xx_HAL_Driver/Src/stm32f4xx_hal_tim.c.obj
                0x080016a0                HAL_TIM_IC_CaptureCallback
 .text.HAL_TIM_PWM_PulseFinishedCallback
                0x080016a4        0x4 CMakeFiles/EnergyMonitor-NucleoF446re.dir/Drivers/STM32F4xx_HAL_Driver/Src/stm32f4xx_hal_tim.c.obj
                0x080016a4                HAL_TIM_PWM_PulseFinishedCallback
 .text.HAL_TIM_TriggerCallback
                0x080016a8        0x4 CMakeFiles/EnergyMonitor-NucleoF446re.dir/Drivers/STM32F4xx_HAL_Driver/Src/stm32f4xx_hal_tim.c.obj
                0x080016a8                HAL_TIM_TriggerCallback
 .text.HAL_TIM_IRQHandler
                0x080016ac      0x138 CMakeFiles/EnergyMonitor-NucleoF446re.dir/Drivers/STM32F4xx_HAL_Driver/Src/stm32f4xx_hal_tim.c.obj
                0x080016ac                HAL_TIM_IRQHandler
 .text.HAL_TIMEx_CommutCallback
                0x080017e4        0x4 CMakeFiles/EnergyMonitor-NucleoF446re.dir/Drivers/STM32F4xx_HAL_Driver/Src/stm32f4xx_hal_tim_ex.c.obj
                0x080017e4                HAL_TIMEx_CommutCallback
 .text.HAL_TIMEx_BreakCallback
                0x080017e8        0x4 CMakeFiles/EnergyMonitor-NucleoF446re.dir/Drivers/STM32F4xx_HAL_Driver/Src/stm32f4xx_hal_tim_ex.c.obj
                0x080017e8                HAL_TIMEx_BreakCallback
 .text.HAL_UART_Init
                0x080017ec      0x124 CMakeFiles/EnergyMonitor-NucleoF446re.dir/Drivers/STM32F4xx_HAL_Driver/Src/stm32f4xx_hal_uart.c.obj
                0x080017ec                HAL_UART_Init
 .text.HAL_UART_Transmit
                0x08001910       0xdc CMakeFiles/EnergyMonitor-NucleoF446re.dir/Drivers/STM32F4xx_HAL_Driver/Src/stm32f4xx_hal_uart.c.obj
                0x08001910                HAL_UART_Transmit
 .text.SystemInit
                0x080019ec       0x14 CMakeFiles/EnergyMonitor-NucleoF446re.dir/Core/Src/system_stm32f4xx.c.obj
                0x080019ec                SystemInit
 .text.vListInitialise
                0x08001a00       0x18 CMakeFiles/EnergyMonitor-NucleoF446re.dir/Middlewares/Third_Party/FreeRTOS/Source/list.c.obj
                0x08001a00                vListInitialise
 .text.vListInitialiseItem
                0x08001a18        0x8 CMakeFiles/EnergyMonitor-NucleoF446re.dir/Middlewares/Third_Party/FreeRTOS/Source/list.c.obj
                0x08001a18                vListInitialiseItem
 .text.vListInsertEnd
                0x08001a20       0x1c CMakeFiles/EnergyMonitor-NucleoF446re.dir/Middlewares/Third_Party/FreeRTOS/Source/list.c.obj
                0x08001a20                vListInsertEnd
 .text.vListInsert
                0x08001a3c       0x30 CMakeFiles/EnergyMonitor-NucleoF446re.dir/Middlewares/Third_Party/FreeRTOS/Source/list.c.obj
                0x08001a3c                vListInsert
 .text.uxListRemove
                0x08001a6c       0x28 CMakeFiles/EnergyMonitor-NucleoF446re.dir/Middlewares/Third_Party/FreeRTOS/Source/list.c.obj
                0x08001a6c                uxListRemove
 .text.prvCopyDataToQueue
                0x08001a94       0x74 CMakeFiles/EnergyMonitor-NucleoF446re.dir/Middlewares/Third_Party/FreeRTOS/Source/queue.c.obj
 .text.xQueueGenericCreateStatic
                0x08001b08       0xe0 CMakeFiles/EnergyMonitor-NucleoF446re.dir/Middlewares/Third_Party/FreeRTOS/Source/queue.c.obj
                0x08001b08                xQueueGenericCreateStatic
 .text.xQueueGenericSend
                0x08001be8      0x300 CMakeFiles/EnergyMonitor-NucleoF446re.dir/Middlewares/Third_Party/FreeRTOS/Source/queue.c.obj
                0x08001be8                xQueueGenericSend
 .text.xQueueReceive
                0x08001ee8      0x30c CMakeFiles/EnergyMonitor-NucleoF446re.dir/Middlewares/Third_Party/FreeRTOS/Source/queue.c.obj
                0x08001ee8                xQueueReceive
 .text.vQueueAddToRegistry
                0x080021f4       0x50 CMakeFiles/EnergyMonitor-NucleoF446re.dir/Middlewares/Third_Party/FreeRTOS/Source/queue.c.obj
                0x080021f4                vQueueAddToRegistry
 .text.vQueueWaitForMessageRestricted
                0x08002244       0xc8 CMakeFiles/EnergyMonitor-NucleoF446re.dir/Middlewares/Third_Party/FreeRTOS/Source/queue.c.obj
                0x08002244                vQueueWaitForMessageRestricted
 .text.prvAddNewTaskToReadyList
                0x0800230c      0x110 CMakeFiles/EnergyMonitor-NucleoF446re.dir/Middlewares/Third_Party/FreeRTOS/Source/tasks.c.obj
 .text.prvInitialiseNewTask.constprop.0
                0x0800241c      0x148 CMakeFiles/EnergyMonitor-NucleoF446re.dir/Middlewares/Third_Party/FreeRTOS/Source/tasks.c.obj
 .text.prvIdleTask
                0x08002564       0xa0 CMakeFiles/EnergyMonitor-NucleoF446re.dir/Middlewares/Third_Party/FreeRTOS/Source/tasks.c.obj
 .text.xTaskIncrementTick.part.0
                0x08002604      0x144 CMakeFiles/EnergyMonitor-NucleoF446re.dir/Middlewares/Third_Party/FreeRTOS/Source/tasks.c.obj
 .text.xTaskResumeAll.part.0
                0x08002748      0x13c CMakeFiles/EnergyMonitor-NucleoF446re.dir/Middlewares/Third_Party/FreeRTOS/Source/tasks.c.obj
 .text.xTaskCreateStatic
                0x08002884       0x78 CMakeFiles/EnergyMonitor-NucleoF446re.dir/Middlewares/Third_Party/FreeRTOS/Source/tasks.c.obj
                0x08002884                xTaskCreateStatic
 .text.xTaskCreate
                0x080028fc       0x60 CMakeFiles/EnergyMonitor-NucleoF446re.dir/Middlewares/Third_Party/FreeRTOS/Source/tasks.c.obj
                0x080028fc                xTaskCreate
 .text.vTaskDelay
                0x0800295c       0xac CMakeFiles/EnergyMonitor-NucleoF446re.dir/Middlewares/Third_Party/FreeRTOS/Source/tasks.c.obj
                0x0800295c                vTaskDelay
 .text.vTaskStartScheduler
                0x08002a08       0xfc CMakeFiles/EnergyMonitor-NucleoF446re.dir/Middlewares/Third_Party/FreeRTOS/Source/tasks.c.obj
                0x08002a08                vTaskStartScheduler
 .text.vTaskSuspendAll
                0x08002b04       0x10 CMakeFiles/EnergyMonitor-NucleoF446re.dir/Middlewares/Third_Party/FreeRTOS/Source/tasks.c.obj
                0x08002b04                vTaskSuspendAll
 .text.xTaskResumeAll
                0x08002b14       0x20 CMakeFiles/EnergyMonitor-NucleoF446re.dir/Middlewares/Third_Party/FreeRTOS/Source/tasks.c.obj
                0x08002b14                xTaskResumeAll
 .text.xTaskGetTickCount
                0x08002b34        0xc CMakeFiles/EnergyMonitor-NucleoF446re.dir/Middlewares/Third_Party/FreeRTOS/Source/tasks.c.obj
                0x08002b34                xTaskGetTickCount
 .text.xTaskIncrementTick
                0x08002b40       0x20 CMakeFiles/EnergyMonitor-NucleoF446re.dir/Middlewares/Third_Party/FreeRTOS/Source/tasks.c.obj
                0x08002b40                xTaskIncrementTick
 .text.vTaskSwitchContext
                0x08002b60       0x98 CMakeFiles/EnergyMonitor-NucleoF446re.dir/Middlewares/Third_Party/FreeRTOS/Source/tasks.c.obj
                0x08002b60                vTaskSwitchContext
 .text.vTaskPlaceOnEventList
                0x08002bf8       0x88 CMakeFiles/EnergyMonitor-NucleoF446re.dir/Middlewares/Third_Party/FreeRTOS/Source/tasks.c.obj
                0x08002bf8                vTaskPlaceOnEventList
 .text.vTaskPlaceOnEventListRestricted
                0x08002c80       0x94 CMakeFiles/EnergyMonitor-NucleoF446re.dir/Middlewares/Third_Party/FreeRTOS/Source/tasks.c.obj
                0x08002c80                vTaskPlaceOnEventListRestricted
 .text.xTaskRemoveFromEventList
                0x08002d14       0x88 CMakeFiles/EnergyMonitor-NucleoF446re.dir/Middlewares/Third_Party/FreeRTOS/Source/tasks.c.obj
                0x08002d14                xTaskRemoveFromEventList
 .text.vTaskInternalSetTimeOutState
                0x08002d9c       0x18 CMakeFiles/EnergyMonitor-NucleoF446re.dir/Middlewares/Third_Party/FreeRTOS/Source/tasks.c.obj
                0x08002d9c                vTaskInternalSetTimeOutState
 .text.xTaskCheckForTimeOut
                0x08002db4       0x84 CMakeFiles/EnergyMonitor-NucleoF446re.dir/Middlewares/Third_Party/FreeRTOS/Source/tasks.c.obj
                0x08002db4                xTaskCheckForTimeOut
 .text.vTaskMissedYield
                0x08002e38        0xc CMakeFiles/EnergyMonitor-NucleoF446re.dir/Middlewares/Third_Party/FreeRTOS/Source/tasks.c.obj
                0x08002e38                vTaskMissedYield
 .text.xTaskGetSchedulerState
                0x08002e44       0x20 CMakeFiles/EnergyMonitor-NucleoF446re.dir/Middlewares/Third_Party/FreeRTOS/Source/tasks.c.obj
                0x08002e44                xTaskGetSchedulerState
 .text.xTaskPriorityDisinherit
                0x08002e64       0x88 CMakeFiles/EnergyMonitor-NucleoF446re.dir/Middlewares/Third_Party/FreeRTOS/Source/tasks.c.obj
                0x08002e64                xTaskPriorityDisinherit
 .text.prvSwitchTimerLists
                0x08002eec       0x98 CMakeFiles/EnergyMonitor-NucleoF446re.dir/Middlewares/Third_Party/FreeRTOS/Source/timers.c.obj
 .text.prvTimerTask
                0x08002f84      0x288 CMakeFiles/EnergyMonitor-NucleoF446re.dir/Middlewares/Third_Party/FreeRTOS/Source/timers.c.obj
 .text.xTimerCreateTimerTask
                0x0800320c       0xbc CMakeFiles/EnergyMonitor-NucleoF446re.dir/Middlewares/Third_Party/FreeRTOS/Source/timers.c.obj
                0x0800320c                xTimerCreateTimerTask
 .text.SysTick_Handler
                0x080032c8       0x1c CMakeFiles/EnergyMonitor-NucleoF446re.dir/Middlewares/Third_Party/FreeRTOS/Source/CMSIS_RTOS_V2/cmsis_os2.c.obj
                0x080032c8                SysTick_Handler
 .text.osKernelInitialize
                0x080032e4       0x24 CMakeFiles/EnergyMonitor-NucleoF446re.dir/Middlewares/Third_Party/FreeRTOS/Source/CMSIS_RTOS_V2/cmsis_os2.c.obj
                0x080032e4                osKernelInitialize
 .text.osKernelStart
                0x08003308       0x34 CMakeFiles/EnergyMonitor-NucleoF446re.dir/Middlewares/Third_Party/FreeRTOS/Source/CMSIS_RTOS_V2/cmsis_os2.c.obj
                0x08003308                osKernelStart
 .text.osThreadNew
                0x0800333c       0x90 CMakeFiles/EnergyMonitor-NucleoF446re.dir/Middlewares/Third_Party/FreeRTOS/Source/CMSIS_RTOS_V2/cmsis_os2.c.obj
                0x0800333c                osThreadNew
 .text.vApplicationGetIdleTaskMemory
                0x080033cc       0x1c CMakeFiles/EnergyMonitor-NucleoF446re.dir/Middlewares/Third_Party/FreeRTOS/Source/CMSIS_RTOS_V2/cmsis_os2.c.obj
                0x080033cc                vApplicationGetIdleTaskMemory
 .text.vApplicationGetTimerTaskMemory
                0x080033e8       0x20 CMakeFiles/EnergyMonitor-NucleoF446re.dir/Middlewares/Third_Party/FreeRTOS/Source/CMSIS_RTOS_V2/cmsis_os2.c.obj
                0x080033e8                vApplicationGetTimerTaskMemory
 .text.pvPortMalloc
                0x08003408      0x170 CMakeFiles/EnergyMonitor-NucleoF446re.dir/Middlewares/Third_Party/FreeRTOS/Source/portable/MemMang/heap_4.c.obj
                0x08003408                pvPortMalloc
 .text.vPortFree
                0x08003578       0xc8 CMakeFiles/EnergyMonitor-NucleoF446re.dir/Middlewares/Third_Party/FreeRTOS/Source/portable/MemMang/heap_4.c.obj
                0x08003578                vPortFree
 .text.prvPortStartFirstTask
                0x08003640       0x28 CMakeFiles/EnergyMonitor-NucleoF446re.dir/Middlewares/Third_Party/FreeRTOS/Source/portable/GCC/ARM_CM4F/port.c.obj
 .text.vPortEnableVFP
                0x08003668       0x14 CMakeFiles/EnergyMonitor-NucleoF446re.dir/Middlewares/Third_Party/FreeRTOS/Source/portable/GCC/ARM_CM4F/port.c.obj
 .text.prvTaskExitError
                0x0800367c       0x40 CMakeFiles/EnergyMonitor-NucleoF446re.dir/Middlewares/Third_Party/FreeRTOS/Source/portable/GCC/ARM_CM4F/port.c.obj
 .text.pxPortInitialiseStack
                0x080036bc       0x28 CMakeFiles/EnergyMonitor-NucleoF446re.dir/Middlewares/Third_Party/FreeRTOS/Source/portable/GCC/ARM_CM4F/port.c.obj
                0x080036bc                pxPortInitialiseStack
 *fill*         0x080036e4        0xc 
 .text.SVC_Handler
                0x080036f0       0x24 CMakeFiles/EnergyMonitor-NucleoF446re.dir/Middlewares/Third_Party/FreeRTOS/Source/portable/GCC/ARM_CM4F/port.c.obj
                0x080036f0                SVC_Handler
 .text.vPortEnterCritical
                0x08003714       0x44 CMakeFiles/EnergyMonitor-NucleoF446re.dir/Middlewares/Third_Party/FreeRTOS/Source/portable/GCC/ARM_CM4F/port.c.obj
                0x08003714                vPortEnterCritical
 .text.vPortExitCritical
                0x08003758       0x28 CMakeFiles/EnergyMonitor-NucleoF446re.dir/Middlewares/Third_Party/FreeRTOS/Source/portable/GCC/ARM_CM4F/port.c.obj
                0x08003758                vPortExitCritical
 .text.PendSV_Handler
                0x08003780       0x64 CMakeFiles/EnergyMonitor-NucleoF446re.dir/Middlewares/Third_Party/FreeRTOS/Source/portable/GCC/ARM_CM4F/port.c.obj
                0x08003780                PendSV_Handler
 .text.xPortSysTickHandler
                0x080037e4       0x2c CMakeFiles/EnergyMonitor-NucleoF446re.dir/Middlewares/Third_Party/FreeRTOS/Source/portable/GCC/ARM_CM4F/port.c.obj
                0x080037e4                xPortSysTickHandler
 .text.vPortSetupTimerInterrupt
                0x08003810       0x28 CMakeFiles/EnergyMonitor-NucleoF446re.dir/Middlewares/Third_Party/FreeRTOS/Source/portable/GCC/ARM_CM4F/port.c.obj
                0x08003810                vPortSetupTimerInterrupt
 .text.xPortStartScheduler
                0x08003838      0x140 CMakeFiles/EnergyMonitor-NucleoF446re.dir/Middlewares/Third_Party/FreeRTOS/Source/portable/GCC/ARM_CM4F/port.c.obj
                0x08003838                xPortStartScheduler
 .text.Reset_Handler
                0x08003978       0x50 CMakeFiles/EnergyMonitor-NucleoF446re.dir/startup_stm32f446xx.s.obj
                0x08003978                Reset_Handler
 .text.Default_Handler
                0x080039c8        0x2 CMakeFiles/EnergyMonitor-NucleoF446re.dir/startup_stm32f446xx.s.obj
                0x080039c8                RTC_Alarm_IRQHandler
                0x080039c8                EXTI2_IRQHandler
                0x080039c8                TIM8_CC_IRQHandler
                0x080039c8                FMPI2C1_EV_IRQHandler
                0x080039c8                SPI4_IRQHandler
                0x080039c8                TIM1_CC_IRQHandler
                0x080039c8                DMA2_Stream5_IRQHandler
                0x080039c8                DMA1_Stream5_IRQHandler
                0x080039c8                PVD_IRQHandler
                0x080039c8                SDIO_IRQHandler
                0x080039c8                TAMP_STAMP_IRQHandler
                0x080039c8                CAN2_RX1_IRQHandler
                0x080039c8                EXTI3_IRQHandler
                0x080039c8                TIM8_TRG_COM_TIM14_IRQHandler
                0x080039c8                TIM8_UP_TIM13_IRQHandler
                0x080039c8                I2C3_ER_IRQHandler
                0x080039c8                EXTI0_IRQHandler
                0x080039c8                I2C2_EV_IRQHandler
                0x080039c8                DMA1_Stream2_IRQHandler
                0x080039c8                CAN1_RX0_IRQHandler
                0x080039c8                FPU_IRQHandler
                0x080039c8                OTG_HS_WKUP_IRQHandler
                0x080039c8                CAN2_SCE_IRQHandler
                0x080039c8                DMA2_Stream2_IRQHandler
                0x080039c8                SPI1_IRQHandler
                0x080039c8                TIM6_DAC_IRQHandler
                0x080039c8                TIM1_BRK_TIM9_IRQHandler
                0x080039c8                DCMI_IRQHandler
                0x080039c8                CAN2_RX0_IRQHandler
                0x080039c8                DMA2_Stream3_IRQHandler
                0x080039c8                SAI2_IRQHandler
                0x080039c8                USART6_IRQHandler
                0x080039c8                USART3_IRQHandler
                0x080039c8                CAN1_RX1_IRQHandler
                0x080039c8                UART5_IRQHandler
                0x080039c8                DMA2_Stream0_IRQHandler
                0x080039c8                TIM4_IRQHandler
                0x080039c8                QUADSPI_IRQHandler
                0x080039c8                I2C1_EV_IRQHandler
                0x080039c8                DMA1_Stream6_IRQHandler
                0x080039c8                DMA1_Stream1_IRQHandler
                0x080039c8                UART4_IRQHandler
                0x080039c8                TIM3_IRQHandler
                0x080039c8                RCC_IRQHandler
                0x080039c8                TIM8_BRK_TIM12_IRQHandler
                0x080039c8                Default_Handler
                0x080039c8                CEC_IRQHandler
                0x080039c8                EXTI15_10_IRQHandler
                0x080039c8                ADC_IRQHandler
                0x080039c8                DMA1_Stream7_IRQHandler
                0x080039c8                TIM7_IRQHandler
                0x080039c8                CAN2_TX_IRQHandler
                0x080039c8                TIM5_IRQHandler
                0x080039c8                DMA2_Stream7_IRQHandler
                0x080039c8                I2C3_EV_IRQHandler
                0x080039c8                EXTI9_5_IRQHandler
                0x080039c8                RTC_WKUP_IRQHandler
                0x080039c8                SPDIF_RX_IRQHandler
                0x080039c8                SPI2_IRQHandler
                0x080039c8                OTG_HS_EP1_IN_IRQHandler
                0x080039c8                DMA1_Stream0_IRQHandler
                0x080039c8                CAN1_TX_IRQHandler
                0x080039c8                FMPI2C1_ER_IRQHandler
                0x080039c8                EXTI4_IRQHandler
                0x080039c8                OTG_HS_EP1_OUT_IRQHandler
                0x080039c8                WWDG_IRQHandler
                0x080039c8                TIM2_IRQHandler
                0x080039c8                OTG_FS_WKUP_IRQHandler
                0x080039c8                TIM1_TRG_COM_TIM11_IRQHandler
                0x080039c8                OTG_HS_IRQHandler
                0x080039c8                EXTI1_IRQHandler
                0x080039c8                USART2_IRQHandler
                0x080039c8                I2C2_ER_IRQHandler
                0x080039c8                DMA2_Stream1_IRQHandler
                0x080039c8                CAN1_SCE_IRQHandler
                0x080039c8                FLASH_IRQHandler
                0x080039c8                DMA2_Stream4_IRQHandler
                0x080039c8                USART1_IRQHandler
                0x080039c8                OTG_FS_IRQHandler
                0x080039c8                SPI3_IRQHandler
                0x080039c8                DMA1_Stream4_IRQHandler
                0x080039c8                I2C1_ER_IRQHandler
                0x080039c8                FMC_IRQHandler
                0x080039c8                DMA2_Stream6_IRQHandler
                0x080039c8                SAI1_IRQHandler
                0x080039c8                DMA1_Stream3_IRQHandler
 .text.memcpy   0x080039ca       0x1c C:/ST/STM32CubeCLT_1.15.1/GNU-tools-for-STM32/bin/../lib/gcc/arm-none-eabi/12.3.1/../../../../arm-none-eabi/lib/thumb/v7e-m+fp/hard\libg_nano.a(libc_a-memcpy-stub.o)
                0x080039ca                memcpy
 *(.glue_7)
 .glue_7        0x080039e6        0x0 linker stubs
 *(.glue_7t)
 .glue_7t       0x080039e6        0x0 linker stubs
 *(.eh_frame)
 *fill*         0x080039e6        0x2 
 .eh_frame      0x080039e8        0x0 C:/ST/STM32CubeCLT_1.15.1/GNU-tools-for-STM32/bin/../lib/gcc/arm-none-eabi/12.3.1/thumb/v7e-m+fp/hard/crtbegin.o
 *(.init)
 .init          0x080039e8        0x4 C:/ST/STM32CubeCLT_1.15.1/GNU-tools-for-STM32/bin/../lib/gcc/arm-none-eabi/12.3.1/thumb/v7e-m+fp/hard/crti.o
                0x080039e8                _init
 .init          0x080039ec        0x8 C:/ST/STM32CubeCLT_1.15.1/GNU-tools-for-STM32/bin/../lib/gcc/arm-none-eabi/12.3.1/thumb/v7e-m+fp/hard/crtn.o
 *(.fini)
 .fini          0x080039f4        0x4 C:/ST/STM32CubeCLT_1.15.1/GNU-tools-for-STM32/bin/../lib/gcc/arm-none-eabi/12.3.1/thumb/v7e-m+fp/hard/crti.o
                0x080039f4                _fini
 .fini          0x080039f8        0x8 C:/ST/STM32CubeCLT_1.15.1/GNU-tools-for-STM32/bin/../lib/gcc/arm-none-eabi/12.3.1/thumb/v7e-m+fp/hard/crtn.o
                0x08003a00                        . = ALIGN (0x4)
                0x08003a00                        _etext = .

.vfp11_veneer   0x08003a00        0x0
 .vfp11_veneer  0x08003a00        0x0 linker stubs

.v4_bx          0x08003a00        0x0
 .v4_bx         0x08003a00        0x0 linker stubs

.iplt           0x08003a00        0x0
 .iplt          0x08003a00        0x0 C:/ST/STM32CubeCLT_1.15.1/GNU-tools-for-STM32/bin/../lib/gcc/arm-none-eabi/12.3.1/thumb/v7e-m+fp/hard/crtbegin.o

.rodata         0x08003a00       0x70
                0x08003a00                        . = ALIGN (0x4)
 *(.rodata)
 *(.rodata*)
 .rodata.StartDefaultTask.str1.4
                0x08003a00        0xe CMakeFiles/EnergyMonitor-NucleoF446re.dir/Core/Src/main.c.obj
 *fill*         0x08003a0e        0x2 
 .rodata.str1.4
                0x08003a10        0xc CMakeFiles/EnergyMonitor-NucleoF446re.dir/Core/Src/main.c.obj
 .rodata.defaultTask_attributes
                0x08003a1c       0x24 CMakeFiles/EnergyMonitor-NucleoF446re.dir/Core/Src/main.c.obj
                0x08003a1c                defaultTask_attributes
 .rodata.APBPrescTable
                0x08003a40        0x8 CMakeFiles/EnergyMonitor-NucleoF446re.dir/Core/Src/system_stm32f4xx.c.obj
                0x08003a40                APBPrescTable
 .rodata.AHBPrescTable
                0x08003a48       0x10 CMakeFiles/EnergyMonitor-NucleoF446re.dir/Core/Src/system_stm32f4xx.c.obj
                0x08003a48                AHBPrescTable
 .rodata.vTaskStartScheduler.str1.4
                0x08003a58        0x5 CMakeFiles/EnergyMonitor-NucleoF446re.dir/Middlewares/Third_Party/FreeRTOS/Source/tasks.c.obj
 *fill*         0x08003a5d        0x3 
 .rodata.xTimerCreateTimerTask.str1.4
                0x08003a60       0x10 CMakeFiles/EnergyMonitor-NucleoF446re.dir/Middlewares/Third_Party/FreeRTOS/Source/timers.c.obj
                0x08003a70                        . = ALIGN (0x4)

.ARM.extab
 *(.ARM.extab* .gnu.linkonce.armextab.*)

.ARM            0x08003a70        0x8
                0x08003a70                        __exidx_start = .
 *(.ARM.exidx*)
 .ARM.exidx     0x08003a70        0x8 C:/ST/STM32CubeCLT_1.15.1/GNU-tools-for-STM32/bin/../lib/gcc/arm-none-eabi/12.3.1/thumb/v7e-m+fp/hard\libgcc.a(_udivmoddi4.o)
                0x08003a78                        __exidx_end = .

.rel.dyn        0x08003a78        0x0
 .rel.iplt      0x08003a78        0x0 C:/ST/STM32CubeCLT_1.15.1/GNU-tools-for-STM32/bin/../lib/gcc/arm-none-eabi/12.3.1/thumb/v7e-m+fp/hard/crtbegin.o

.preinit_array  0x08003a78        0x0
                0x08003a78                        PROVIDE (__preinit_array_start = .)
 *(.preinit_array*)
                0x08003a78                        PROVIDE (__preinit_array_end = .)

.init_array     0x08003a78        0x4
                0x08003a78                        PROVIDE (__init_array_start = .)
 *(SORT_BY_NAME(.init_array.*))
 *(.init_array*)
 .init_array    0x08003a78        0x4 C:/ST/STM32CubeCLT_1.15.1/GNU-tools-for-STM32/bin/../lib/gcc/arm-none-eabi/12.3.1/thumb/v7e-m+fp/hard/crtbegin.o
                0x08003a7c                        PROVIDE (__init_array_end = .)

.fini_array     0x08003a7c        0x4
                [!provide]                        PROVIDE (__fini_array_start = .)
 *(SORT_BY_NAME(.fini_array.*))
 *(.fini_array*)
 .fini_array    0x08003a7c        0x4 C:/ST/STM32CubeCLT_1.15.1/GNU-tools-for-STM32/bin/../lib/gcc/arm-none-eabi/12.3.1/thumb/v7e-m+fp/hard/crtbegin.o
                [!provide]                        PROVIDE (__fini_array_end = .)
                0x08003a80                        _sidata = LOADADDR (.data)

.data           0x20000000       0x60 load address 0x08003a80
                0x20000000                        . = ALIGN (0x4)
                0x20000000                        _sdata = .
 *(.data)
 *(.data*)
 .data._impure_ptr
                0x20000000        0x4 C:/ST/STM32CubeCLT_1.15.1/GNU-tools-for-STM32/bin/../lib/gcc/arm-none-eabi/12.3.1/../../../../arm-none-eabi/lib/thumb/v7e-m+fp/hard\libc_nano.a(libc_a-impure.o)
                0x20000000                _impure_ptr
 .data._impure_data
                0x20000004       0x4c C:/ST/STM32CubeCLT_1.15.1/GNU-tools-for-STM32/bin/../lib/gcc/arm-none-eabi/12.3.1/../../../../arm-none-eabi/lib/thumb/v7e-m+fp/hard\libc_nano.a(libc_a-impure.o)
                0x20000004                _impure_data
 .data.uwTickFreq
                0x20000050        0x1 CMakeFiles/EnergyMonitor-NucleoF446re.dir/Drivers/STM32F4xx_HAL_Driver/Src/stm32f4xx_hal.c.obj
                0x20000050                uwTickFreq
 *fill*         0x20000051        0x3 
 .data.uwTickPrio
                0x20000054        0x4 CMakeFiles/EnergyMonitor-NucleoF446re.dir/Drivers/STM32F4xx_HAL_Driver/Src/stm32f4xx_hal.c.obj
                0x20000054                uwTickPrio
 .data.SystemCoreClock
                0x20000058        0x4 CMakeFiles/EnergyMonitor-NucleoF446re.dir/Core/Src/system_stm32f4xx.c.obj
                0x20000058                SystemCoreClock
 .data.uxCriticalNesting
                0x2000005c        0x4 CMakeFiles/EnergyMonitor-NucleoF446re.dir/Middlewares/Third_Party/FreeRTOS/Source/portable/GCC/ARM_CM4F/port.c.obj
                0x20000060                        . = ALIGN (0x4)
                0x20000060                        _edata = .

.igot.plt       0x20000060        0x0 load address 0x08003ae0
 .igot.plt      0x20000060        0x0 C:/ST/STM32CubeCLT_1.15.1/GNU-tools-for-STM32/bin/../lib/gcc/arm-none-eabi/12.3.1/thumb/v7e-m+fp/hard/crtbegin.o
                0x20000060                        . = ALIGN (0x4)

.bss            0x20000060     0x4e1c load address 0x08003ae0
                0x20000060                        _sbss = .
                0x20000060                        __bss_start__ = _sbss
 *(.bss)
 .bss           0x20000060       0x1c C:/ST/STM32CubeCLT_1.15.1/GNU-tools-for-STM32/bin/../lib/gcc/arm-none-eabi/12.3.1/thumb/v7e-m+fp/hard/crtbegin.o
 *(.bss*)
 .bss.__sf      0x2000007c      0x138 C:/ST/STM32CubeCLT_1.15.1/GNU-tools-for-STM32/bin/../lib/gcc/arm-none-eabi/12.3.1/../../../../arm-none-eabi/lib/thumb/v7e-m+fp/hard\libc_nano.a(libc_a-findfp.o)
                0x2000007c                __sf
 .bss.__lock___malloc_recursive_mutex
                0x200001b4        0x1 C:/ST/STM32CubeCLT_1.15.1/GNU-tools-for-STM32/bin/../lib/gcc/arm-none-eabi/12.3.1/../../../../arm-none-eabi/lib/thumb/v7e-m+fp/hard\libc_nano.a(libc_a-lock.o)
                0x200001b4                __lock___malloc_recursive_mutex
 *fill*         0x200001b5        0x3 
 .bss.__malloc_free_list
                0x200001b8        0x4 C:/ST/STM32CubeCLT_1.15.1/GNU-tools-for-STM32/bin/../lib/gcc/arm-none-eabi/12.3.1/../../../../arm-none-eabi/lib/thumb/v7e-m+fp/hard\libc_nano.a(libc_a-mallocr.o)
                0x200001b8                __malloc_free_list
 .bss.defaultTaskHandle
                0x200001bc        0x4 CMakeFiles/EnergyMonitor-NucleoF446re.dir/Core/Src/main.c.obj
                0x200001bc                defaultTaskHandle
 .bss.huart3    0x200001c0       0x48 CMakeFiles/EnergyMonitor-NucleoF446re.dir/Core/Src/main.c.obj
                0x200001c0                huart3
 .bss.huart2    0x20000208       0x48 CMakeFiles/EnergyMonitor-NucleoF446re.dir/Core/Src/main.c.obj
                0x20000208                huart2
 .bss.huart1    0x20000250       0x48 CMakeFiles/EnergyMonitor-NucleoF446re.dir/Core/Src/main.c.obj
                0x20000250                huart1
 .bss.htim1     0x20000298       0x48 CMakeFiles/EnergyMonitor-NucleoF446re.dir/Core/Src/stm32f4xx_hal_timebase_tim.c.obj
                0x20000298                htim1
 .bss.uwTick    0x200002e0        0x4 CMakeFiles/EnergyMonitor-NucleoF446re.dir/Drivers/STM32F4xx_HAL_Driver/Src/stm32f4xx_hal.c.obj
                0x200002e0                uwTick
 *fill*         0x200002e4        0x4 
 .bss.xQueueRegistry
                0x200002e8       0x40 CMakeFiles/EnergyMonitor-NucleoF446re.dir/Middlewares/Third_Party/FreeRTOS/Source/queue.c.obj
                0x200002e8                xQueueRegistry
 .bss.uxSchedulerSuspended
                0x20000328        0x4 CMakeFiles/EnergyMonitor-NucleoF446re.dir/Middlewares/Third_Party/FreeRTOS/Source/tasks.c.obj
 .bss.xNextTaskUnblockTime
                0x2000032c        0x4 CMakeFiles/EnergyMonitor-NucleoF446re.dir/Middlewares/Third_Party/FreeRTOS/Source/tasks.c.obj
 .bss.uxTaskNumber
                0x20000330        0x4 CMakeFiles/EnergyMonitor-NucleoF446re.dir/Middlewares/Third_Party/FreeRTOS/Source/tasks.c.obj
 .bss.xNumOfOverflows
                0x20000334        0x4 CMakeFiles/EnergyMonitor-NucleoF446re.dir/Middlewares/Third_Party/FreeRTOS/Source/tasks.c.obj
 .bss.xYieldPending
                0x20000338        0x4 CMakeFiles/EnergyMonitor-NucleoF446re.dir/Middlewares/Third_Party/FreeRTOS/Source/tasks.c.obj
 .bss.xPendedTicks
                0x2000033c        0x4 CMakeFiles/EnergyMonitor-NucleoF446re.dir/Middlewares/Third_Party/FreeRTOS/Source/tasks.c.obj
 .bss.xSchedulerRunning
                0x20000340        0x4 CMakeFiles/EnergyMonitor-NucleoF446re.dir/Middlewares/Third_Party/FreeRTOS/Source/tasks.c.obj
 .bss.uxTopReadyPriority
                0x20000344        0x4 CMakeFiles/EnergyMonitor-NucleoF446re.dir/Middlewares/Third_Party/FreeRTOS/Source/tasks.c.obj
 .bss.xTickCount
                0x20000348        0x4 CMakeFiles/EnergyMonitor-NucleoF446re.dir/Middlewares/Third_Party/FreeRTOS/Source/tasks.c.obj
 .bss.uxCurrentNumberOfTasks
                0x2000034c        0x4 CMakeFiles/EnergyMonitor-NucleoF446re.dir/Middlewares/Third_Party/FreeRTOS/Source/tasks.c.obj
 .bss.xSuspendedTaskList
                0x20000350       0x14 CMakeFiles/EnergyMonitor-NucleoF446re.dir/Middlewares/Third_Party/FreeRTOS/Source/tasks.c.obj
 .bss.uxDeletedTasksWaitingCleanUp
                0x20000364        0x4 CMakeFiles/EnergyMonitor-NucleoF446re.dir/Middlewares/Third_Party/FreeRTOS/Source/tasks.c.obj
 .bss.xTasksWaitingTermination
                0x20000368       0x14 CMakeFiles/EnergyMonitor-NucleoF446re.dir/Middlewares/Third_Party/FreeRTOS/Source/tasks.c.obj
 .bss.xPendingReadyList
                0x2000037c       0x14 CMakeFiles/EnergyMonitor-NucleoF446re.dir/Middlewares/Third_Party/FreeRTOS/Source/tasks.c.obj
 .bss.pxOverflowDelayedTaskList
                0x20000390        0x4 CMakeFiles/EnergyMonitor-NucleoF446re.dir/Middlewares/Third_Party/FreeRTOS/Source/tasks.c.obj
 .bss.pxDelayedTaskList
                0x20000394        0x4 CMakeFiles/EnergyMonitor-NucleoF446re.dir/Middlewares/Third_Party/FreeRTOS/Source/tasks.c.obj
 .bss.xDelayedTaskList2
                0x20000398       0x14 CMakeFiles/EnergyMonitor-NucleoF446re.dir/Middlewares/Third_Party/FreeRTOS/Source/tasks.c.obj
 .bss.xDelayedTaskList1
                0x200003ac       0x14 CMakeFiles/EnergyMonitor-NucleoF446re.dir/Middlewares/Third_Party/FreeRTOS/Source/tasks.c.obj
 .bss.pxReadyTasksLists
                0x200003c0      0x460 CMakeFiles/EnergyMonitor-NucleoF446re.dir/Middlewares/Third_Party/FreeRTOS/Source/tasks.c.obj
 .bss.pxCurrentTCB
                0x20000820        0x4 CMakeFiles/EnergyMonitor-NucleoF446re.dir/Middlewares/Third_Party/FreeRTOS/Source/tasks.c.obj
                0x20000820                pxCurrentTCB
 .bss.xStaticTimerQueue.0
                0x20000824       0x50 CMakeFiles/EnergyMonitor-NucleoF446re.dir/Middlewares/Third_Party/FreeRTOS/Source/timers.c.obj
 .bss.ucStaticTimerQueueStorage.1
                0x20000874       0xa0 CMakeFiles/EnergyMonitor-NucleoF446re.dir/Middlewares/Third_Party/FreeRTOS/Source/timers.c.obj
 .bss.xLastTime.2
                0x20000914        0x4 CMakeFiles/EnergyMonitor-NucleoF446re.dir/Middlewares/Third_Party/FreeRTOS/Source/timers.c.obj
 .bss.xTimerTaskHandle
                0x20000918        0x4 CMakeFiles/EnergyMonitor-NucleoF446re.dir/Middlewares/Third_Party/FreeRTOS/Source/timers.c.obj
 .bss.xTimerQueue
                0x2000091c        0x4 CMakeFiles/EnergyMonitor-NucleoF446re.dir/Middlewares/Third_Party/FreeRTOS/Source/timers.c.obj
 .bss.pxOverflowTimerList
                0x20000920        0x4 CMakeFiles/EnergyMonitor-NucleoF446re.dir/Middlewares/Third_Party/FreeRTOS/Source/timers.c.obj
 .bss.pxCurrentTimerList
                0x20000924        0x4 CMakeFiles/EnergyMonitor-NucleoF446re.dir/Middlewares/Third_Party/FreeRTOS/Source/timers.c.obj
 .bss.xActiveTimerList2
                0x20000928       0x14 CMakeFiles/EnergyMonitor-NucleoF446re.dir/Middlewares/Third_Party/FreeRTOS/Source/timers.c.obj
 .bss.xActiveTimerList1
                0x2000093c       0x14 CMakeFiles/EnergyMonitor-NucleoF446re.dir/Middlewares/Third_Party/FreeRTOS/Source/timers.c.obj
 .bss.Timer_Stack.0
                0x20000950      0x400 CMakeFiles/EnergyMonitor-NucleoF446re.dir/Middlewares/Third_Party/FreeRTOS/Source/CMSIS_RTOS_V2/cmsis_os2.c.obj
 .bss.Timer_TCB.1
                0x20000d50      0x180 CMakeFiles/EnergyMonitor-NucleoF446re.dir/Middlewares/Third_Party/FreeRTOS/Source/CMSIS_RTOS_V2/cmsis_os2.c.obj
 .bss.Idle_Stack.2
                0x20000ed0      0x200 CMakeFiles/EnergyMonitor-NucleoF446re.dir/Middlewares/Third_Party/FreeRTOS/Source/CMSIS_RTOS_V2/cmsis_os2.c.obj
 .bss.Idle_TCB.3
                0x200010d0      0x180 CMakeFiles/EnergyMonitor-NucleoF446re.dir/Middlewares/Third_Party/FreeRTOS/Source/CMSIS_RTOS_V2/cmsis_os2.c.obj
 .bss.KernelState
                0x20001250        0x4 CMakeFiles/EnergyMonitor-NucleoF446re.dir/Middlewares/Third_Party/FreeRTOS/Source/CMSIS_RTOS_V2/cmsis_os2.c.obj
 .bss.xBlockAllocatedBit
                0x20001254        0x4 CMakeFiles/EnergyMonitor-NucleoF446re.dir/Middlewares/Third_Party/FreeRTOS/Source/portable/MemMang/heap_4.c.obj
 .bss.xNumberOfSuccessfulFrees
                0x20001258        0x4 CMakeFiles/EnergyMonitor-NucleoF446re.dir/Middlewares/Third_Party/FreeRTOS/Source/portable/MemMang/heap_4.c.obj
 .bss.xNumberOfSuccessfulAllocations
                0x2000125c        0x4 CMakeFiles/EnergyMonitor-NucleoF446re.dir/Middlewares/Third_Party/FreeRTOS/Source/portable/MemMang/heap_4.c.obj
 .bss.xMinimumEverFreeBytesRemaining
                0x20001260        0x4 CMakeFiles/EnergyMonitor-NucleoF446re.dir/Middlewares/Third_Party/FreeRTOS/Source/portable/MemMang/heap_4.c.obj
 .bss.xFreeBytesRemaining
                0x20001264        0x4 CMakeFiles/EnergyMonitor-NucleoF446re.dir/Middlewares/Third_Party/FreeRTOS/Source/portable/MemMang/heap_4.c.obj
 .bss.pxEnd     0x20001268        0x4 CMakeFiles/EnergyMonitor-NucleoF446re.dir/Middlewares/Third_Party/FreeRTOS/Source/portable/MemMang/heap_4.c.obj
 .bss.xStart    0x2000126c        0x8 CMakeFiles/EnergyMonitor-NucleoF446re.dir/Middlewares/Third_Party/FreeRTOS/Source/portable/MemMang/heap_4.c.obj
 .bss.ucHeap    0x20001274     0x3c00 CMakeFiles/EnergyMonitor-NucleoF446re.dir/Middlewares/Third_Party/FreeRTOS/Source/portable/MemMang/heap_4.c.obj
 .bss.ulMaxPRIGROUPValue
                0x20004e74        0x4 CMakeFiles/EnergyMonitor-NucleoF446re.dir/Middlewares/Third_Party/FreeRTOS/Source/portable/GCC/ARM_CM4F/port.c.obj
 .bss.ucMaxSysCallPriority
                0x20004e78        0x1 CMakeFiles/EnergyMonitor-NucleoF446re.dir/Middlewares/Third_Party/FreeRTOS/Source/portable/GCC/ARM_CM4F/port.c.obj
 *(COMMON)
                0x20004e7c                        . = ALIGN (0x4)
 *fill*         0x20004e79        0x3 
                0x20004e7c                        _ebss = .
                0x20004e7c                        __bss_end__ = _ebss

._user_heap_stack
                0x20004e7c      0x604 load address 0x08003ae0
                0x20004e80                        . = ALIGN (0x8)
 *fill*         0x20004e7c        0x4 
                [!provide]                        PROVIDE (end = .)
                0x20004e80                        PROVIDE (_end = .)
                0x20005080                        . = (. + _Min_Heap_Size)
 *fill*         0x20004e80      0x200 
                0x20005480                        . = (. + _Min_Stack_Size)
 *fill*         0x20005080      0x400 
                0x20005480                        . = ALIGN (0x8)

/DISCARD/
 libc.a(*)
 libm.a(*)
 libgcc.a(*)

.ARM.attributes
                0x00000000       0x30
 *(.ARM.attributes)
 .ARM.attributes
                0x00000000       0x22 C:/ST/STM32CubeCLT_1.15.1/GNU-tools-for-STM32/bin/../lib/gcc/arm-none-eabi/12.3.1/thumb/v7e-m+fp/hard/crti.o
 .ARM.attributes
                0x00000022       0x34 C:/ST/STM32CubeCLT_1.15.1/GNU-tools-for-STM32/bin/../lib/gcc/arm-none-eabi/12.3.1/thumb/v7e-m+fp/hard/crtbegin.o
 .ARM.attributes
                0x00000056       0x34 C:/ST/STM32CubeCLT_1.15.1/GNU-tools-for-STM32/bin/../lib/gcc/arm-none-eabi/12.3.1/../../../../arm-none-eabi/lib/thumb/v7e-m+fp/hard\libc_nano.a(libc_a-findfp.o)
 .ARM.attributes
                0x0000008a       0x34 C:/ST/STM32CubeCLT_1.15.1/GNU-tools-for-STM32/bin/../lib/gcc/arm-none-eabi/12.3.1/../../../../arm-none-eabi/lib/thumb/v7e-m+fp/hard\libc_nano.a(libc_a-memset.o)
 .ARM.attributes
                0x000000be       0x34 C:/ST/STM32CubeCLT_1.15.1/GNU-tools-for-STM32/bin/../lib/gcc/arm-none-eabi/12.3.1/../../../../arm-none-eabi/lib/thumb/v7e-m+fp/hard\libc_nano.a(libc_a-reent.o)
 .ARM.attributes
                0x000000f2       0x34 C:/ST/STM32CubeCLT_1.15.1/GNU-tools-for-STM32/bin/../lib/gcc/arm-none-eabi/12.3.1/../../../../arm-none-eabi/lib/thumb/v7e-m+fp/hard\libc_nano.a(libc_a-impure.o)
 .ARM.attributes
                0x00000126       0x34 C:/ST/STM32CubeCLT_1.15.1/GNU-tools-for-STM32/bin/../lib/gcc/arm-none-eabi/12.3.1/../../../../arm-none-eabi/lib/thumb/v7e-m+fp/hard\libc_nano.a(libc_a-init.o)
 .ARM.attributes
                0x0000015a       0x34 C:/ST/STM32CubeCLT_1.15.1/GNU-tools-for-STM32/bin/../lib/gcc/arm-none-eabi/12.3.1/../../../../arm-none-eabi/lib/thumb/v7e-m+fp/hard\libc_nano.a(libc_a-lock.o)
 .ARM.attributes
                0x0000018e       0x34 C:/ST/STM32CubeCLT_1.15.1/GNU-tools-for-STM32/bin/../lib/gcc/arm-none-eabi/12.3.1/../../../../arm-none-eabi/lib/thumb/v7e-m+fp/hard\libc_nano.a(libc_a-freer.o)
 .ARM.attributes
                0x000001c2       0x34 C:/ST/STM32CubeCLT_1.15.1/GNU-tools-for-STM32/bin/../lib/gcc/arm-none-eabi/12.3.1/../../../../arm-none-eabi/lib/thumb/v7e-m+fp/hard\libc_nano.a(libc_a-mallocr.o)
 .ARM.attributes
                0x000001f6       0x34 C:/ST/STM32CubeCLT_1.15.1/GNU-tools-for-STM32/bin/../lib/gcc/arm-none-eabi/12.3.1/../../../../arm-none-eabi/lib/thumb/v7e-m+fp/hard\libc_nano.a(libc_a-mlock.o)
 .ARM.attributes
                0x0000022a       0x34 CMakeFiles/EnergyMonitor-NucleoF446re.dir/Core/Src/main.c.obj
 .ARM.attributes
                0x0000025e       0x34 CMakeFiles/EnergyMonitor-NucleoF446re.dir/Core/Src/stm32f4xx_it.c.obj
 .ARM.attributes
                0x00000292       0x34 CMakeFiles/EnergyMonitor-NucleoF446re.dir/Core/Src/stm32f4xx_hal_msp.c.obj
 .ARM.attributes
                0x000002c6       0x34 CMakeFiles/EnergyMonitor-NucleoF446re.dir/Core/Src/stm32f4xx_hal_timebase_tim.c.obj
 .ARM.attributes
                0x000002fa       0x34 CMakeFiles/EnergyMonitor-NucleoF446re.dir/Drivers/STM32F4xx_HAL_Driver/Src/stm32f4xx_hal_rcc.c.obj
 .ARM.attributes
                0x0000032e       0x34 CMakeFiles/EnergyMonitor-NucleoF446re.dir/Drivers/STM32F4xx_HAL_Driver/Src/stm32f4xx_hal_rcc_ex.c.obj
 .ARM.attributes
                0x00000362       0x34 CMakeFiles/EnergyMonitor-NucleoF446re.dir/Drivers/STM32F4xx_HAL_Driver/Src/stm32f4xx_hal_gpio.c.obj
 .ARM.attributes
                0x00000396       0x34 CMakeFiles/EnergyMonitor-NucleoF446re.dir/Drivers/STM32F4xx_HAL_Driver/Src/stm32f4xx_hal_cortex.c.obj
 .ARM.attributes
                0x000003ca       0x34 CMakeFiles/EnergyMonitor-NucleoF446re.dir/Drivers/STM32F4xx_HAL_Driver/Src/stm32f4xx_hal.c.obj
 .ARM.attributes
                0x000003fe       0x34 CMakeFiles/EnergyMonitor-NucleoF446re.dir/Drivers/STM32F4xx_HAL_Driver/Src/stm32f4xx_hal_tim.c.obj
 .ARM.attributes
                0x00000432       0x34 CMakeFiles/EnergyMonitor-NucleoF446re.dir/Drivers/STM32F4xx_HAL_Driver/Src/stm32f4xx_hal_tim_ex.c.obj
 .ARM.attributes
                0x00000466       0x34 CMakeFiles/EnergyMonitor-NucleoF446re.dir/Drivers/STM32F4xx_HAL_Driver/Src/stm32f4xx_hal_uart.c.obj
 .ARM.attributes
                0x0000049a       0x34 CMakeFiles/EnergyMonitor-NucleoF446re.dir/Core/Src/system_stm32f4xx.c.obj
 .ARM.attributes
                0x000004ce       0x34 CMakeFiles/EnergyMonitor-NucleoF446re.dir/Middlewares/Third_Party/FreeRTOS/Source/list.c.obj
 .ARM.attributes
                0x00000502       0x34 CMakeFiles/EnergyMonitor-NucleoF446re.dir/Middlewares/Third_Party/FreeRTOS/Source/queue.c.obj
 .ARM.attributes
                0x00000536       0x34 CMakeFiles/EnergyMonitor-NucleoF446re.dir/Middlewares/Third_Party/FreeRTOS/Source/tasks.c.obj
 .ARM.attributes
                0x0000056a       0x34 CMakeFiles/EnergyMonitor-NucleoF446re.dir/Middlewares/Third_Party/FreeRTOS/Source/timers.c.obj
 .ARM.attributes
                0x0000059e       0x34 CMakeFiles/EnergyMonitor-NucleoF446re.dir/Middlewares/Third_Party/FreeRTOS/Source/CMSIS_RTOS_V2/cmsis_os2.c.obj
 .ARM.attributes
                0x000005d2       0x34 CMakeFiles/EnergyMonitor-NucleoF446re.dir/Middlewares/Third_Party/FreeRTOS/Source/portable/MemMang/heap_4.c.obj
 .ARM.attributes
                0x00000606       0x34 CMakeFiles/EnergyMonitor-NucleoF446re.dir/Middlewares/Third_Party/FreeRTOS/Source/portable/GCC/ARM_CM4F/port.c.obj
 .ARM.attributes
                0x0000063a       0x21 CMakeFiles/EnergyMonitor-NucleoF446re.dir/startup_stm32f446xx.s.obj
 .ARM.attributes
                0x0000065b       0x22 C:/ST/STM32CubeCLT_1.15.1/GNU-tools-for-STM32/bin/../lib/gcc/arm-none-eabi/12.3.1/thumb/v7e-m+fp/hard\libgcc.a(_aeabi_uldivmod.o)
 .ARM.attributes
                0x0000067d       0x34 C:/ST/STM32CubeCLT_1.15.1/GNU-tools-for-STM32/bin/../lib/gcc/arm-none-eabi/12.3.1/thumb/v7e-m+fp/hard\libgcc.a(_udivmoddi4.o)
 .ARM.attributes
                0x000006b1       0x22 C:/ST/STM32CubeCLT_1.15.1/GNU-tools-for-STM32/bin/../lib/gcc/arm-none-eabi/12.3.1/thumb/v7e-m+fp/hard\libgcc.a(_dvmd_tls.o)
 .ARM.attributes
                0x000006d3       0x34 C:/ST/STM32CubeCLT_1.15.1/GNU-tools-for-STM32/bin/../lib/gcc/arm-none-eabi/12.3.1/../../../../arm-none-eabi/lib/thumb/v7e-m+fp/hard\libg_nano.a(libc_a-memcpy-stub.o)
 .ARM.attributes
                0x00000707       0x22 C:/ST/STM32CubeCLT_1.15.1/GNU-tools-for-STM32/bin/../lib/gcc/arm-none-eabi/12.3.1/thumb/v7e-m+fp/hard/crtn.o
OUTPUT(EnergyMonitor-NucleoF446re.elf elf32-littlearm)
LOAD linker stubs
LOAD C:/ST/STM32CubeCLT_1.15.1/GNU-tools-for-STM32/bin/../lib/gcc/arm-none-eabi/12.3.1/../../../../arm-none-eabi/lib/thumb/v7e-m+fp/hard\libc.a
LOAD C:/ST/STM32CubeCLT_1.15.1/GNU-tools-for-STM32/bin/../lib/gcc/arm-none-eabi/12.3.1/../../../../arm-none-eabi/lib/thumb/v7e-m+fp/hard\libm.a
LOAD C:/ST/STM32CubeCLT_1.15.1/GNU-tools-for-STM32/bin/../lib/gcc/arm-none-eabi/12.3.1/thumb/v7e-m+fp/hard\libgcc.a

.debug_frame    0x00000000      0x3b8
 .debug_frame   0x00000000      0x144 C:/ST/STM32CubeCLT_1.15.1/GNU-tools-for-STM32/bin/../lib/gcc/arm-none-eabi/12.3.1/../../../../arm-none-eabi/lib/thumb/v7e-m+fp/hard\libc_nano.a(libc_a-findfp.o)
 .debug_frame   0x00000144       0x20 C:/ST/STM32CubeCLT_1.15.1/GNU-tools-for-STM32/bin/../lib/gcc/arm-none-eabi/12.3.1/../../../../arm-none-eabi/lib/thumb/v7e-m+fp/hard\libc_nano.a(libc_a-memset.o)
 .debug_frame   0x00000164       0x38 C:/ST/STM32CubeCLT_1.15.1/GNU-tools-for-STM32/bin/../lib/gcc/arm-none-eabi/12.3.1/../../../../arm-none-eabi/lib/thumb/v7e-m+fp/hard\libc_nano.a(libc_a-reent.o)
 .debug_frame   0x0000019c       0x2c C:/ST/STM32CubeCLT_1.15.1/GNU-tools-for-STM32/bin/../lib/gcc/arm-none-eabi/12.3.1/../../../../arm-none-eabi/lib/thumb/v7e-m+fp/hard\libc_nano.a(libc_a-init.o)
 .debug_frame   0x000001c8       0xb0 C:/ST/STM32CubeCLT_1.15.1/GNU-tools-for-STM32/bin/../lib/gcc/arm-none-eabi/12.3.1/../../../../arm-none-eabi/lib/thumb/v7e-m+fp/hard\libc_nano.a(libc_a-lock.o)
 .debug_frame   0x00000278       0x38 C:/ST/STM32CubeCLT_1.15.1/GNU-tools-for-STM32/bin/../lib/gcc/arm-none-eabi/12.3.1/../../../../arm-none-eabi/lib/thumb/v7e-m+fp/hard\libc_nano.a(libc_a-freer.o)
 .debug_frame   0x000002b0       0x50 C:/ST/STM32CubeCLT_1.15.1/GNU-tools-for-STM32/bin/../lib/gcc/arm-none-eabi/12.3.1/../../../../arm-none-eabi/lib/thumb/v7e-m+fp/hard\libc_nano.a(libc_a-mallocr.o)
 .debug_frame   0x00000300       0x30 C:/ST/STM32CubeCLT_1.15.1/GNU-tools-for-STM32/bin/../lib/gcc/arm-none-eabi/12.3.1/../../../../arm-none-eabi/lib/thumb/v7e-m+fp/hard\libc_nano.a(libc_a-mlock.o)
 .debug_frame   0x00000330       0x2c C:/ST/STM32CubeCLT_1.15.1/GNU-tools-for-STM32/bin/../lib/gcc/arm-none-eabi/12.3.1/thumb/v7e-m+fp/hard\libgcc.a(_aeabi_uldivmod.o)
 .debug_frame   0x0000035c       0x34 C:/ST/STM32CubeCLT_1.15.1/GNU-tools-for-STM32/bin/../lib/gcc/arm-none-eabi/12.3.1/thumb/v7e-m+fp/hard\libgcc.a(_udivmoddi4.o)
 .debug_frame   0x00000390       0x28 C:/ST/STM32CubeCLT_1.15.1/GNU-tools-for-STM32/bin/../lib/gcc/arm-none-eabi/12.3.1/../../../../arm-none-eabi/lib/thumb/v7e-m+fp/hard\libg_nano.a(libc_a-memcpy-stub.o)

.comment        0x00000000       0x43
 .comment       0x00000000       0x43 CMakeFiles/EnergyMonitor-NucleoF446re.dir/Core/Src/main.c.obj
                                 0x44 (size before relaxing)
 .comment       0x00000043       0x44 CMakeFiles/EnergyMonitor-NucleoF446re.dir/Core/Src/stm32f4xx_it.c.obj
 .comment       0x00000043       0x44 CMakeFiles/EnergyMonitor-NucleoF446re.dir/Core/Src/stm32f4xx_hal_msp.c.obj
 .comment       0x00000043       0x44 CMakeFiles/EnergyMonitor-NucleoF446re.dir/Core/Src/stm32f4xx_hal_timebase_tim.c.obj
 .comment       0x00000043       0x44 CMakeFiles/EnergyMonitor-NucleoF446re.dir/Drivers/STM32F4xx_HAL_Driver/Src/stm32f4xx_hal_rcc.c.obj
 .comment       0x00000043       0x44 CMakeFiles/EnergyMonitor-NucleoF446re.dir/Drivers/STM32F4xx_HAL_Driver/Src/stm32f4xx_hal_rcc_ex.c.obj
 .comment       0x00000043       0x44 CMakeFiles/EnergyMonitor-NucleoF446re.dir/Drivers/STM32F4xx_HAL_Driver/Src/stm32f4xx_hal_gpio.c.obj
 .comment       0x00000043       0x44 CMakeFiles/EnergyMonitor-NucleoF446re.dir/Drivers/STM32F4xx_HAL_Driver/Src/stm32f4xx_hal_cortex.c.obj
 .comment       0x00000043       0x44 CMakeFiles/EnergyMonitor-NucleoF446re.dir/Drivers/STM32F4xx_HAL_Driver/Src/stm32f4xx_hal.c.obj
 .comment       0x00000043       0x44 CMakeFiles/EnergyMonitor-NucleoF446re.dir/Drivers/STM32F4xx_HAL_Driver/Src/stm32f4xx_hal_tim.c.obj
 .comment       0x00000043       0x44 CMakeFiles/EnergyMonitor-NucleoF446re.dir/Drivers/STM32F4xx_HAL_Driver/Src/stm32f4xx_hal_tim_ex.c.obj
 .comment       0x00000043       0x44 CMakeFiles/EnergyMonitor-NucleoF446re.dir/Drivers/STM32F4xx_HAL_Driver/Src/stm32f4xx_hal_uart.c.obj
 .comment       0x00000043       0x44 CMakeFiles/EnergyMonitor-NucleoF446re.dir/Core/Src/system_stm32f4xx.c.obj
 .comment       0x00000043       0x44 CMakeFiles/EnergyMonitor-NucleoF446re.dir/Middlewares/Third_Party/FreeRTOS/Source/list.c.obj
 .comment       0x00000043       0x44 CMakeFiles/EnergyMonitor-NucleoF446re.dir/Middlewares/Third_Party/FreeRTOS/Source/queue.c.obj
 .comment       0x00000043       0x44 CMakeFiles/EnergyMonitor-NucleoF446re.dir/Middlewares/Third_Party/FreeRTOS/Source/tasks.c.obj
 .comment       0x00000043       0x44 CMakeFiles/EnergyMonitor-NucleoF446re.dir/Middlewares/Third_Party/FreeRTOS/Source/timers.c.obj
 .comment       0x00000043       0x44 CMakeFiles/EnergyMonitor-NucleoF446re.dir/Middlewares/Third_Party/FreeRTOS/Source/CMSIS_RTOS_V2/cmsis_os2.c.obj
 .comment       0x00000043       0x44 CMakeFiles/EnergyMonitor-NucleoF446re.dir/Middlewares/Third_Party/FreeRTOS/Source/portable/MemMang/heap_4.c.obj
 .comment       0x00000043       0x44 CMakeFiles/EnergyMonitor-NucleoF446re.dir/Middlewares/Third_Party/FreeRTOS/Source/portable/GCC/ARM_CM4F/port.c.obj
 .comment       0x00000043       0x44 C:/ST/STM32CubeCLT_1.15.1/GNU-tools-for-STM32/bin/../lib/gcc/arm-none-eabi/12.3.1/../../../../arm-none-eabi/lib/thumb/v7e-m+fp/hard\libg_nano.a(libc_a-memcpy-stub.o)

.debug_info     0x00000000      0x121
 .debug_info    0x00000000      0x121 C:/ST/STM32CubeCLT_1.15.1/GNU-tools-for-STM32/bin/../lib/gcc/arm-none-eabi/12.3.1/../../../../arm-none-eabi/lib/thumb/v7e-m+fp/hard\libg_nano.a(libc_a-memcpy-stub.o)

.debug_abbrev   0x00000000       0xc1
 .debug_abbrev  0x00000000       0xc1 C:/ST/STM32CubeCLT_1.15.1/GNU-tools-for-STM32/bin/../lib/gcc/arm-none-eabi/12.3.1/../../../../arm-none-eabi/lib/thumb/v7e-m+fp/hard\libg_nano.a(libc_a-memcpy-stub.o)

.debug_loclists
                0x00000000       0x8f
 .debug_loclists
                0x00000000       0x8f C:/ST/STM32CubeCLT_1.15.1/GNU-tools-for-STM32/bin/../lib/gcc/arm-none-eabi/12.3.1/../../../../arm-none-eabi/lib/thumb/v7e-m+fp/hard\libg_nano.a(libc_a-memcpy-stub.o)

.debug_aranges  0x00000000       0x20
 .debug_aranges
                0x00000000       0x20 C:/ST/STM32CubeCLT_1.15.1/GNU-tools-for-STM32/bin/../lib/gcc/arm-none-eabi/12.3.1/../../../../arm-none-eabi/lib/thumb/v7e-m+fp/hard\libg_nano.a(libc_a-memcpy-stub.o)

.debug_rnglists
                0x00000000       0x13
 .debug_rnglists
                0x00000000       0x13 C:/ST/STM32CubeCLT_1.15.1/GNU-tools-for-STM32/bin/../lib/gcc/arm-none-eabi/12.3.1/../../../../arm-none-eabi/lib/thumb/v7e-m+fp/hard\libg_nano.a(libc_a-memcpy-stub.o)

.debug_line     0x00000000      0x202
 .debug_line    0x00000000      0x202 C:/ST/STM32CubeCLT_1.15.1/GNU-tools-for-STM32/bin/../lib/gcc/arm-none-eabi/12.3.1/../../../../arm-none-eabi/lib/thumb/v7e-m+fp/hard\libg_nano.a(libc_a-memcpy-stub.o)

.debug_str      0x00000000      0x1f6
 .debug_str     0x00000000      0x1f6 C:/ST/STM32CubeCLT_1.15.1/GNU-tools-for-STM32/bin/../lib/gcc/arm-none-eabi/12.3.1/../../../../arm-none-eabi/lib/thumb/v7e-m+fp/hard\libg_nano.a(libc_a-memcpy-stub.o)
                                0x22f (size before relaxing)
